// Jest Snapshot v1, https://goo.gl/fbAQLP

exports[`renderer should render link 1`] = `
<a
  className=""
  href="/foo"
>
  Foo
</a>
`;
