// Jest Snapshot v1, https://goo.gl/fbAQLP

exports[`renderer should render message 1`] = `
<pre>
  Hello *world*!
</pre>
`;
