// Jest Snapshot v1, https://goo.gl/fbAQLP

exports[`Heading should render a heading 1`] = `

<h2 class="rsg--heading-0 rsg--heading2-2">
  The heading
</h2>

`;
